[preview.themeforest.net/item/political-multipurpose-campaign-election-html-template/full_screen_preview/20056147.html]
[backblue.gif]
[fade.gif]
[index.html]
[public-assets.envato-static.com/assets/market/core/index-b64b3113938ec095b29e7dcac48109f03336624324528e457c636dcb4cf95a8c.css]
[public-assets.envato-static.com/assets/market/pages/preview/index-6da503d08aa5f43ac39ce104f6cabc796ea21e19547d1d8b441cb073c2e88d01.css]
[public-assets.envato-static.com/icons/themeforest.net/apple-touch-icon-72x72-precomposed.png]
[public-assets.envato-static.com/icons/themeforest.net/apple-touch-icon-114x114-precomposed.png]
[public-assets.envato-static.com/icons/themeforest.net/apple-touch-icon-144x144-precomposed.png]
[public-assets.envato-static.com/icons/themeforest.net/apple-touch-icon-precomposed.png]
[public-assets.envato-static.com/assets/market/pages/full_screen_preview/index-bd869f40eb5cc0a580be8c8ab269ed24a23000a720da17b8300d975a43c2107e.js]
[www.google-analytics.com/analytics.js]
[s.pinimg.com/ct/core.js]
[preview.themeforest.net/item/political-multipurpose-campaign-election-html-template/full_screen_preview/20056147.html]
[public-assets.envato-static.com/assets/common/pagination_loader-8c6a70768e3d8135995dbd27307cb84e746eaa49ac295ffff4a86c3dec16a4e5.gif]
[public-assets.envato-static.com/assets/market/core/index-b64b3113938ec095b29e7dcac48109f03336624324528e457c636dcb4cf95a8c.css]
[public-assets.envato-static.com/assets/market/pages/preview/index-6da503d08aa5f43ac39ce104f6cabc796ea21e19547d1d8b441cb073c2e88d01.css]
[preview.themeforest.net/item/political-multipurpose-campaign-election-html-template/full_screen_preview/linkid.js]
